.prfx-my-class {
  color: green;
}

.prfx-my-class .prfx-with-another-class {
  box-sizing: border-box;
}
